WARNING: Packing source code into tar to upload...
WARNING: Excluding 'plugins/platforms/photon/sidecar/.gitignore' based on default ignore rules
WARNING: Uploading archived source code from 'C:\Users\ARNAVS~1\AppData\Local\Temp\build_archive_3547caf43f824f409cdb6977ee229346.tar.gz'...
WARNING: Sending context (17.177 MiB) to registry: jimmyyd6h7x5ni6ki4...
WARNING: Queued a build with ID: ca9
WARNING: Waiting for an agent...
{
  "agentConfiguration": {
    "cpu": 2
  },
  "agentPoolName": null,
  "createTime": "2026-08-21T00:34:37.754925+00:00",
  "customRegistries": null,
  "finishTime": "2026-08-21T00:35:55.997982+00:00",
  "id": "/subscriptions/ef27ac90-4a8e-4d2d-8de0-22d1924f023e/resourceGroups/rg-jimmy-eastus/providers/Microsoft.ContainerRegistry/registries/jimmyyd6h7x5ni6ki4/runs/ca9",
  "imageUpdateTrigger": null,
  "isArchiveEnabled": false,
  "lastUpdatedTime": "2026-08-21T00:35:55+00:00",
  "logArtifact": null,
  "name": "ca9",
  "outputImages": [
    {
      "digest": "sha256:02e2f84ff505f8c6469bd13a4e5b82d9d8331401d64fc14761b9058e936ff49e",
      "registry": "jimmyyd6h7x5ni6ki4.azurecr.io",
      "repository": "jimmy",
      "tag": "tui-202608210604"
    },
    {
      "digest": "sha256:02e2f84ff505f8c6469bd13a4e5b82d9d8331401d64fc14761b9058e936ff49e",
      "registry": "jimmyyd6h7x5ni6ki4.azurecr.io",
      "repository": "jimmy",
      "tag": "latest"
    }
  ],
  "platform": {
    "architecture": "amd64",
    "os": "linux",
    "variant": null
  },
  "provisioningState": "Succeeded",
  "resourceGroup": "rg-jimmy-eastus",
  "runErrorMessage": null,
  "runId": "ca9",
  "runType": "QuickRun",
  "sourceRegistryAuth": null,
  "sourceTrigger": null,
  "startTime": "2026-08-21T00:34:38.009200+00:00",
  "status": "Succeeded",
  "systemData": {
    "createdAt": null,
    "createdBy": null,
    "createdByType": null,
    "lastModifiedAt": "2026-08-21T00:34:36.999611+00:00",
    "lastModifiedBy": "arnav120520051l@hotmail.com",
    "lastModifiedByType": "User"
  },
  "task": null,
  "timerTrigger": null,
  "type": "Microsoft.ContainerRegistry/registries/runs",
  "updateTriggerToken": null
}
